[Color [("fg","#d0d0d0"),("fg+","#d0d0d0"),("bg","#121212"),("bg+","#262626")],Color [("hl","#5f87af"),("hl+","#5fd7ff"),("info","#afaf87"),("marker","#87ff00")],Color [("prompt","#d7005f"),("spinner","#af5fff"),("pointer","#af5fff"),("header","#87afaf")],Color [("border","#262626"),("label","#aeaeae"),("query","#d9d9d9")],Quoted "border" "rounded",Quoted "border-label" "",Quoted "preview-window" "border-rounded",Quoted "prompt" "> ",Quoted "marker" ">",Quoted "pointer" "\61537",Quoted "separator" "\9472",Quoted "scrollbar" "\9474"]